@sparkelf/dsh-api-client@0.5.0
@sparkelf/dsh-chart@0.1.1
@sparkelf/dsh-dataops-integration@0.1.1
@sparkelf/dsh-dataops-managed@0.3.1
@sparkelf/dsh-mineru@0.1.1
@sparkelf/dsh-mobile-bridge@0.2.11
@sparkelf/dsh-office-viewer-fonts@0.1.1
@sparkelf/dsh-officecli@0.1.1
@sparkelf/dsh-plugin-supervisor@0.1.4
@sparkelf/dsh-query-result-analysis@0.1.1
@sparkelf/dsh-ssh-manager@0.7.0
